Warning: running in conda env, please deactivate before executing this script
WARNING: All log messages before absl::InitializeLog() is called are written to STDERR
E0000 00:00:1785490593.330334  578804 descriptor_database.cc:633] File already exists in database: grpc/health/v1/health.proto
W0000 00:00:1785490593.330367  578804 message.cc:301] Protobuf GeneratedMessageFactory: File is already registered: grpc/health/v1/health.proto
2026-07-31T09:36:32Z [Info] [carb] Logging to file: /home/miaodong/Documents/isaac-sim-6.0/kit/logs/Kit/Isaac-Sim Python/6.0/kit_20260731_053632.log
[0.052s] [ext: omni.assets.plugins-0.0.0] startup
[0.053s] [ext: omni.blobkey-1.1.2] startup
[0.054s] [ext: omni.kit.async_engine-0.0.3] startup
[0.415s] [ext: omni.client.lib-1.1.1] startup
[0.425s] [ext: omni.client-1.3.0] startup
[0.479s] [ext: omni.protobuf.lib-1.0.0] startup
[0.480s] [ext: omni.grpc.lib-1.0.0] startup
[0.484s] [ext: omni.metrics.core-0.0.3] startup
[0.484s] [ext: omni.datastore-0.0.0] startup
[0.485s] [ext: omni.gpu_foundation.shadercache.vulkan-1.0.0] startup
[0.487s] [ext: omni.hsscclient-1.1.4] startup
[0.487s] [ext: omni.stats-1.0.1] startup
[0.488s] [ext: omni.ujitso.default-1.0.0] startup
[0.490s] [ext: omni.gpu_foundation-0.0.0] startup
[0.746s] [ext: carb.windowing.plugins-1.0.1] startup
[0.746s] [ext: omni.kit.renderer.init-1.0.1] startup
2026-07-31T09:36:33Z [996ms] [Warning] [omni.rtx] Skipping unsupported non-NVIDIA GPU: AMD Ryzen 7 7800X3D 8-Core Processor (RADV RAPHAEL_MENDOCINO)
2026-07-31T09:36:33Z [996ms] [Warning] [omni.rtx] Skipping unsupported non-NVIDIA GPU: AMD Ryzen 7 7800X3D 8-Core Processor (RADV RAPHAEL_MENDOCINO)

|---------------------------------------------------------------------------------------------|
| Driver Version: 580.173.02    | Graphics API: Vulkan
|=============================================================================================|
| GPU | Name                             | Active | LDA | GPU Memory | Vendor-ID | LUID       |
|     |                                  |        |     |            | Device-ID | UUID       |
|     |                                  |        |     |            | Bus-ID    |            |
|---------------------------------------------------------------------------------------------|
| 0   | NVIDIA GeForce RTX 5080          | Yes: 0 |     | 16303   MB | 10de      | 0          |
|     |                                  |        |     |            | 2c02      | 33bc1c92.. |
|     |                                  |        |     |            | 1         |            |
|---------------------------------------------------------------------------------------------|
| 1   | AMD Ryzen 7 7800X3D 8-Core Pro.. |        |     | 21483   MB | 1002      | 0          |
|     |                                  |        |     |            | 164e      | 00000000.. |
|     |                                  |        |     |            | d         |            |
|=============================================================================================|
| OS: 24.04.4 LTS (Noble Numbat) ubuntu, Version: 24.04.4, Kernel: 6.8.0-136-generic
| XServer Vendor: The X.Org Foundation, XServer Version: 12101011 (1.21.1.11)
| Processor: AMD Ryzen 7 7800X3D 8-Core Processor
| Cores: 8 | Logical Cores: 16
|---------------------------------------------------------------------------------------------|
| Total Memory (MB): 63426 | Free Memory: 50880
| Total Page/Swap (MB): 0 | Free Page/Swap: 0
|---------------------------------------------------------------------------------------------|
2026-07-31T09:36:34Z [1,270ms] [Warning] [omni.rtx] IOMMU is enabled.
[1.412s] [ext: omni.kit.pipapi-0.0.0] startup
[1.413s] [ext: omni.kit.pip_archive-0.0.0] startup
[1.413s] [ext: isaacsim.pip.newton-0.6.0] startup
[1.414s] [ext: omni.pip.compute-1.9.0] startup
[1.414s] [ext: omni.isaac.core_archive-5.3.0] startup
[1.414s] [ext: omni.kit.telemetry-0.5.2] startup
[1.439s] [ext: omni.kit.loop-isaac-1.6.0] startup
[1.440s] [ext: omni.kit.test-2.0.7] startup
[1.492s] [ext: omni.materialx.libs-1.0.9] startup
[1.498s] [ext: omni.gpucompute.plugins-0.0.0] startup
[1.499s] [ext: omni.usd.config-1.0.7] startup
[1.502s] [ext: omni.usd.libs-1.0.3] startup
[1.575s] [ext: omni.iray.libs-0.0.1] startup
[1.580s] [ext: omni.mdl-57.0.3] startup
[1.598s] [ext: omni.mdl.neuraylib-0.2.20] startup
[1.600s] [ext: omni.kit.usd.mdl-1.1.9] startup
[1.687s] [ext: omni.appwindow-1.2.2] startup
[1.689s] [ext: omni.kit.renderer.core-1.2.2] startup
[2.120s] [ext: omni.kit.renderer.capture-2.0.1] startup
[2.122s] [ext: omni.kit.renderer.imgui-2.0.6] startup
[2.172s] [ext: omni.ui-3.1.3] startup
[2.180s] [ext: omni.kit.mainwindow-1.0.3] startup
[2.181s] [ext: carb.audio-0.1.0] startup
[2.185s] [ext: omni.uiaudio-1.0.0] startup
[2.186s] [ext: omni.kit.uiapp-0.0.0] startup
[2.186s] [ext: omni.usd.schema.metrics.assembler-110.1.0] startup
[2.189s] [ext: omni.usd.schema.audio-0.0.1] startup
[2.192s] [ext: omni.usd_resolver-1.0.0] startup
[2.195s] [ext: omni.usd.core-1.8.3] startup
[2.198s] [ext: omni.metropolis.schema-0.0.3] startup
[2.198s] [ext: isaacsim.anim.robot.schema-0.1.1] startup
[2.199s] [ext: omni.usd.schema.anim-0.0.1] startup
[2.213s] [ext: omni.usd.schema.geospatial-0.0.1] startup
[2.216s] [ext: omni.usd.schema.omnigraph-1.0.1] startup
[2.220s] [ext: omni.usd.schema.semantics-0.0.0] startup
[2.222s] [ext: omni.activity.core-1.0.3] startup
[2.223s] [ext: omni.cubric-0.1.0] startup
[2.223s] [ext: omni.graph.exec-0.9.6] startup
[2.224s] [ext: omni.hydra.scene_delegate-0.3.5] startup
[2.227s] [ext: usdrt.scenegraph-7.6.3] startup
[2.248s] [ext: omni.hydra.usdrt_delegate-7.5.2] startup
[2.253s] [ext: omni.inspect-1.0.2] startup
[2.254s] [ext: omni.kit.actions.core-1.0.0] startup
[2.255s] [ext: omni.kit.audiodeviceenum-1.0.2] startup
[2.256s] [ext: omni.kit.commands-1.5.0] startup
[2.259s] [ext: omni.kit.exec.core-0.13.5] startup
[2.260s] [ext: omni.kit.usd_undo-0.1.8] startup
[2.260s] [ext: omni.kit.window.popup_dialog-2.0.25] startup
[2.263s] [ext: omni.kit.widget.nucleus_connector-2.3.1] startup
[2.266s] [ext: omni.timeline-1.1.0] startup
[2.268s] [ext: omni.usd-1.15.2] startup
[2.299s] [ext: omni.graph.core-3.1.2] startup
[2.301s] [ext: omni.kit.notification_manager-1.0.11] startup
[2.303s] [ext: isaacsim.core.deprecation_manager-0.4.2] startup
[2.303s] [ext: isaacsim.replicator.agent.schema-0.1.1] startup
[2.304s] [ext: isaacsim.robot.schema-6.3.6] startup
[2.308s] [ext: isaacsim.robot_motion.schema-0.2.0] startup
[2.309s] [ext: omni.anim.behavior.schema-110.1.0] startup
[2.312s] [ext: omni.anim.graph.schema-110.1.1] startup
[2.316s] [ext: omni.anim.navigation.schema-110.1.0] startup
[2.319s] [ext: omni.behavior.tree.schema-110.1.0] startup
[2.320s] [ext: omni.isaac.ml_archive-3.3.0] startup
[2.320s] [ext: omni.kit.asset_converter-5.1.4] startup
[2.330s] [ext: omni.pip.cloud-1.5.3] startup
[2.332s] [ext: omni.usd.schema.flow-110.0.0] startup
[2.332s] [ext: omni.usd.schema.mujoco-1.1.0] startup
[2.333s] [ext: omni.usd.schema.newton-1.2.0] startup
[2.333s] [ext: omni.usd.schema.omni_lens_distortion-1.0.0] startup
[2.334s] [ext: omni.usd.schema.omni_projectors-1.0.0] startup
[2.334s] [ext: omni.usd.schema.omni_sensors-0.0.0] startup
[2.341s] [ext: omni.usd.schema.omniscripting-1.0.1] startup
[2.344s] [ext: omni.usd.schema.physical_lighting-0.1.0] startup
[2.347s] [ext: omni.usd.schema.physx-110.1.11] startup
[2.371s] [ext: omni.usd.schema.render_settings.rtx-1.0.2] startup
[2.374s] [ext: omni.usd.schema.usd_particle_field-1.0.0] startup
[2.374s] [ext: isaacsim.core.version-2.1.0] startup
[2.375s] [ext: omni.kit.menu.core-1.2.0] startup
[2.375s] [ext: omni.kit.menu.utils-2.2.3] startup
[2.381s] [ext: isaacsim.app.about-2.3.0] startup
[2.385s] [ext: isaacsim.asset.transformer-1.2.3] startup
[2.388s] [ext: omni.scene.optimizer.core-110.1.0] startup
[2.428s] [ext: isaacsim.asset.importer.utils-1.8.0] startup
[2.430s] [ext: omni.convexdecomposition-110.1.11] startup
[2.432s] [ext: omni.physics-110.1.11] startup
[2.435s] [ext: omni.physx.gpu-110.1.11] startup
[2.435s] [ext: omni.physx.foundation-110.1.11] startup
[2.437s] [ext: omni.usdphysics-110.1.11] startup
[2.438s] [ext: omni.physx.cooking-110.1.11] startup
[2.440s] [ext: omni.physx-110.1.11] startup
[2.447s] [ext: omni.physics.physx-110.1.11] startup
[2.449s] [ext: isaacsim.asset.exporter.urdf-2.0.3] startup
[2.456s] [ext: omni.kit.clipboard-1.1.1] startup
[2.457s] [ext: omni.kit.usd.layers-2.6.1] startup
[2.463s] [ext: omni.kit.widget.context_menu-1.4.0] startup
[2.464s] [ext: omni.kit.context_menu-1.9.0] startup
[2.465s] [ext: omni.kit.helper.file_utils-0.1.10] startup
[2.467s] [ext: omni.kit.widget.nucleus_info-2.0.2] startup
[2.467s] [ext: omni.kit.search_core-1.0.8] startup
[2.468s] [ext: omni.kit.widget.path_field-2.0.13] startup
[2.468s] [ext: omni.kit.widget.browser_bar-2.0.10] startup
[2.469s] [ext: omni.kit.widget.filebrowser-2.13.4] startup
[2.473s] [ext: omni.kit.widget.options_menu-1.1.6] startup
[2.475s] [ext: omni.kit.widget.options_button-1.0.3] startup
[2.476s] [ext: omni.kit.widget.search_delegate-1.0.9] startup
[2.476s] [ext: omni.ui.scene-2.0.1] startup
[2.481s] [ext: omni.kit.window.filepicker-2.15.5] startup
[2.491s] [ext: omni.kit.window.file_importer-1.1.21] startup
[2.493s] [ext: omni.kit.material.library-3.1.2] startup
[2.497s] [ext: isaacsim.asset.transformer.rules-1.7.8] startup
[2.505s] [ext: omni.usdex.libs-2.2.2] startup
[2.512s] [ext: isaacsim.asset.importer.mjcf-3.10.0] startup
[2.513s] [ext: isaacsim.asset.importer.urdf-3.11.0] startup
[2.517s] [ext: omni.kit.primitive.mesh-1.1.0] startup
[2.519s] [ext: omni.kit.stage_template.core-1.1.22] startup
[2.519s] [ext: omni.kit.stage_templates-2.0.2] startup
[2.521s] [ext: omni.usd.metrics.assembler-110.1.2] startup
[2.523s] [ext: omni.warp.core-1.13.0] startup
[2.719s] [ext: isaacsim.core.experimental.utils-0.17.1] startup
[2.720s] [ext: omni.physics.stageupdate-110.1.11] startup
[2.721s] [ext: omni.physics.tensors-110.1.11] startup
[2.725s] [ext: omni.physx.tensors-110.1.11] startup
[2.728s] [ext: isaacsim.core.simulation_manager-1.15.4] startup
2026-07-31T09:36:35Z [2,719ms] [Warning] [isaacsim.core.simulation_manager.plugin] USD stage is not available; stage-opened subscription is deferred
2026-07-31T09:36:35Z [2,719ms] [Warning] [isaacsim.core.simulation_manager.plugin] USD stage is not available; stage-opened subscription is deferred
[2.741s] [ext: isaacsim.storage.native-1.9.2] startup
[2.743s] [ext: omni.usd.metrics.assembler.physics-110.1.11] startup
[2.744s] [ext: isaacsim.core.utils-4.1.6] startup
[2.746s] [ext: isaacsim.core.prims-0.11.6] startup
[3.829s] [ext: isaacsim.core.api-5.2.12] startup
[3.836s] [ext: isaacsim.core.cloner-1.7.2] startup
[3.837s] [ext: isaacsim.test.docstring-1.3.1] startup
[3.841s] [ext: isaacsim.core.experimental.prims-1.8.8] startup
[3.864s] [ext: isaacsim.core.experimental.primdata-0.3.2] startup
[3.865s] [ext: omni.graph.tools-1.81.0] startup
[3.885s] [ext: omni.graph-1.142.5] startup
[3.920s] [ext: isaacsim.core.experimental.actuators-0.1.0] startup
[6.104s] [ext: isaacsim.core.experimental.materials-0.7.0] startup
[6.108s] [ext: isaacsim.core.experimental.objects-0.8.0] startup
[6.164s] [ext: omni.hydra.engine.stats-1.0.5] startup
[6.166s] [ext: omni.hydra.rtx.shadercache.vulkan-1.0.0] startup
[6.167s] [ext: omni.index.libs-387500.3473.0] startup
[6.167s] [ext: omni.index-1.0.1] startup
[6.167s] [ext: omni.ujitso.client-0.0.0] startup
[6.168s] [ext: omni.usd.schema.playback-1.0.0] startup
[6.171s] [ext: omni.volume-0.5.2] startup
[6.175s] [ext: omni.hydra.rtx-1.0.3] startup
2026-07-31T09:36:39Z [6,166ms] [Warning] [omni.log] Source: omni.hydra was already registered.
[6.208s] [ext: omni.kit.hydra_texture-1.6.0] startup
[6.211s] [ext: omni.kit.raycast.query-1.2.0] startup
[6.215s] [ext: omni.kit.viewport.legacy_gizmos-1.0.24] startup
[6.218s] [ext: omni.kit.viewport.registry-104.0.6] startup
[6.219s] [ext: omni.kit.viewport.scene_camera_model-1.0.7] startup
[6.222s] [ext: omni.kit.widget.viewport-109.2.0] startup
[6.226s] [ext: omni.kit.window.drop_support-1.0.8] startup
[6.226s] [ext: omni.kit.viewport.window-109.0.2] startup
[6.242s] [ext: omni.kit.viewport.utility-2.0.1] startup
[6.243s] [ext: isaacsim.core.rendering_manager-0.4.2] startup
[6.262s] [ext: omni.graph.action_core-1.1.9] startup
[6.264s] [ext: omni.graph.action_nodes_core-2.10.2] startup
[6.266s] [ext: omni.graph.action_nodes-2.10.3] startup
[6.288s] [ext: omni.graph.action-2.10.2] startup
[6.289s] [ext: omni.graph.image.core-0.6.1] startup
[6.290s] [ext: omni.graph.image.nodes-1.3.1] startup
[6.291s] [ext: omni.graph.nodes_core-2.10.3] startup
[6.297s] [ext: omni.graph.nodes-2.11.1] startup
[6.303s] [ext: omni.kit.hotkeys.core-1.3.12] startup
[6.304s] [ext: omni.kit.property.adapter.core-1.1.1] startup
[6.307s] [ext: omni.kit.property.adapter.usd-1.0.5] startup
[6.309s] [ext: omni.kit.widget.filter-1.1.5] startup
[6.310s] [ext: omni.kit.widget.highlight_label-1.0.3] startup
[6.311s] [ext: omni.kit.widget.searchfield-1.1.8] startup
[6.312s] [ext: omni.kit.window.file_exporter-1.0.36] startup
[6.313s] [ext: omni.kit.widget.stage-4.3.0] startup
[6.321s] [ext: omni.kit.window.content_browser_registry-0.0.6] startup
[6.322s] [ext: omni.kit.window.file-2.0.10] startup
[6.325s] [ext: omni.kit.window.content_browser-3.1.8] startup
[6.334s] [ext: omni.kit.window.property-1.15.1] startup
[6.344s] [ext: omni.kit.property.usd-4.8.1] startup
[6.354s] [ext: omni.graph.scriptnode-2.10.2] startup
[6.362s] [ext: omni.kit.widget.searchable_combobox-1.0.7] startup
[6.363s] [ext: omni.kit.widget.settings-2.0.0] startup
[6.365s] [ext: omni.kit.window.preferences-1.8.3] startup
[6.369s] [ext: omni.kit.viewport.menubar.core-107.2.2] startup
[6.380s] [ext: omni.syntheticdata-0.6.15] startup
[6.405s] [ext: omni.replicator.nv-1.1.1] startup
[6.410s] [ext: omni.videoencoding-0.2.1] startup
[6.412s] [ext: omni.replicator.core-1.13.25] startup
2026-07-31T09:36:39Z [6,399ms] [Warning] [pxr.Semantics] pxr.Semantics is deprecated - please use Semantics instead
2026-07-31T09:36:39Z [6,475ms] [Warning] [omni.replicator.core.scripts.extension] No material configuration file, adding configuration to material settings directly.
[6.639s] [ext: isaacsim.core.nodes-5.10.4] startup
[6.670s] [ext: isaacsim.core.throttling-2.3.3] startup
[6.671s] [ext: omni.kit.manipulator.viewport-107.0.1] startup
[6.672s] [ext: omni.graph.visualization.nodes-2.1.4] startup
[6.686s] [ext: omni.kit.window.extensions-1.5.7] startup
[6.691s] [ext: isaacsim.gui.components-1.8.4] startup
[6.695s] [ext: isaacsim.robot.surface_gripper-3.6.1] startup
[6.706s] [ext: isaacsim.robot.manipulators-3.4.4] startup
[6.717s] [ext: isaacsim.robot_motion.lula-4.1.2] startup
[6.723s] [ext: isaacsim.robot_motion.motion_generation-8.2.8] startup
[6.728s] [ext: isaacsim.cortex.framework-1.0.17] startup
[6.730s] [ext: isaacsim.cortex.behaviors-2.0.16] startup
[6.732s] [ext: isaacsim.examples.base-1.3.1] startup
[6.733s] [ext: omni.kit.widget.zoombar-1.0.7] startup
[6.734s] [ext: omni.kit.browser.core-2.3.18] startup
[6.738s] [ext: omni.kit.browser.folder.core-2.0.2] startup
[6.742s] [ext: omni.kit.widget.stage_icons-1.0.8] startup
[6.743s] [ext: omni.kit.window.stage-2.6.1] startup
[6.746s] [ext: omni.kit.menu.stage-1.2.7] startup
[6.747s] [ext: omni.kit.usd.collect-3.0.5] startup
[6.750s] [ext: omni.kit.widget.prompt-1.0.7] startup
[6.751s] [ext: omni.kit.tool.collect-2.2.19] startup
[6.753s] [ext: isaacsim.examples.browser-0.3.1] startup
[6.755s] [ext: omni.kit.search.files-1.0.4] startup
[6.756s] [ext: omni.kit.widget.calendar-1.0.9] startup
[6.757s] [ext: omni.kit.widget.extended_searchfield-1.0.31] startup
[6.765s] [ext: omni.simready.content.browser-0.3.7] startup
[6.865s] [ext: isaacsim.gui.content_browser-0.4.2] startup
[6.867s] [ext: omni.kit.selection-0.1.6] startup
[6.868s] [ext: isaacsim.gui.menu-2.10.5] startup
[6.876s] [ext: isaacsim.gui.property-1.6.2] startup
[6.882s] [ext: omni.kit.viewport.actions-107.0.2] startup
[6.886s] [ext: omni.kit.viewport.menubar.display-107.1.3] startup
[6.887s] [ext: isaacsim.gui.sensors.icon-2.2.0] startup
[6.890s] [ext: omni.behavior.scripting.core-110.1.0] startup
[6.893s] [ext: isaacsim.replicator.behavior-1.5.3] startup
[6.893s] [ext: isaacsim.replicator.experimental.domain_randomization-1.2.4] startup
[6.908s] [ext: isaacsim.replicator.domain_randomization-1.2.1] startup
[6.976s] [ext: isaacsim.replicator.writers-1.5.3] startup
[6.998s] [ext: isaacsim.robot.experimental.wheeled_robots-0.2.9] startup
[7.018s] [ext: isaacsim.robot.policy.examples-5.2.11] startup
[7.037s] [ext: isaacsim.robot.wheeled_robots-5.2.3] startup
[7.041s] [ext: isaacsim.robot.wheeled_robots.nodes-0.1.2] startup
[7.075s] [ext: isaacsim.robot_motion.experimental.motion_generation-6.1.2] startup
[7.086s] [ext: isaacsim.robot_motion.cumotion-1.3.0] startup
[7.098s] [ext: omni.kit.numpy.common-0.1.3] startup
[7.099s] [ext: isaacsim.sensors.camera-1.7.8] startup
[7.129s] [ext: isaacsim.sensors.experimental.physics-3.0.1] startup
[7.135s] [ext: omni.sensors.net-1.0.1] startup
[7.138s] [ext: omni.sensors.nv.common-3.0.0] startup
[7.151s] [ext: omni.sensors.nv.materials-2.0.0] startup
[7.154s] [ext: omni.sensors.nv.acoustic-3.0.0] startup
[7.157s] [ext: omni.sensors.nv.ids-2.0.1] startup
[7.159s] [ext: omni.sensors.nv.lidar-3.0.0] startup
[7.163s] [ext: omni.sensors.nv.radar-3.0.0] startup
[7.166s] [ext: isaacsim.sensors.experimental.rtx-1.4.3] startup
[7.422s] [ext: isaacsim.sensors.physics.nodes-1.5.2] startup
[7.428s] [ext: isaacsim.util.debug_draw-3.2.2] startup
[7.433s] [ext: isaacsim.sensors.physx-2.5.4] startup
[7.440s] [ext: isaacsim.sensors.rtx-15.17.0] startup
[7.451s] [ext: isaacsim.simulation_app-2.18.3] startup
[7.451s] [ext: omni.anim.curve.core-1.6.0] startup
[7.461s] [ext: omni.graph.ui_nodes-2.10.5] startup
[7.487s] [ext: omni.hydra.scene_api-0.1.3] startup
[7.491s] [ext: omni.kit.manipulator.camera-110.0.0] startup
[7.494s] [ext: omni.kit.manipulator.selector-1.1.4] startup
[7.495s] [ext: omni.kit.manipulator.transform-107.0.0] startup
[7.500s] [ext: omni.kit.widget.toolbar-2.1.0] startup
[7.506s] [ext: omni.kit.manipulator.tool.snap-1.5.14] startup
[7.509s] [ext: omni.kit.viewport.manipulator.transform-107.0.4] startup
[7.511s] [ext: omni.kit.manipulator.prim.core-108.0.2] startup
[7.517s] [ext: omni.kit.manipulator.prim.usd-107.0.3] startup
[7.518s] [ext: omni.kit.manipulator.prim-108.0.0] startup
[7.518s] [ext: omni.kit.manipulator.selection-109.0.1] startup
[7.519s] [ext: omni.kit.menu.create-2.0.2] startup
[7.521s] [ext: omni.kit.property.audio-1.0.16] startup
[7.524s] [ext: omni.kit.property.camera-1.0.14] startup
[7.525s] [ext: omni.kit.property.geometry-2.1.2] startup
[7.528s] [ext: omni.kit.property.light-1.0.14] startup
2026-07-31T09:36:40Z [7,529ms] [Warning] [omni.usd] Encountered USD Warnings but USD Diagnostics are currently muted. To view USD Warnings, please set the '/persistent/app/usd/muteUsdDiagnostics' setting to false in Preferences page.
[7.558s] [ext: omni.kit.property.material-1.14.2] startup
[7.563s] [ext: omni.kit.property.render-1.2.2] startup
[7.565s] [ext: omni.kit.property.transform-1.6.9] startup
[7.567s] [ext: omni.kit.property.bundle-1.5.1] startup
[7.569s] [ext: omni.kit.usdz_export-1.1.0] startup
[7.571s] [ext: omni.kit.tool.asset_importer-5.2.0] startup
[7.576s] [ext: omni.kit.ui.actions-1.0.5] startup
[7.577s] [ext: omni.kit.viewport.menubar.camera-107.0.10] startup
[7.582s] [ext: omni.kit.viewport.menubar.lighting-107.3.2] startup
[7.584s] [ext: omni.kit.viewport.menubar.render-107.0.10] startup
[7.586s] [ext: omni.kit.viewport.menubar.settings-110.0.1] startup
[7.590s] [ext: omni.kit.window.console-1.1.8] startup
[7.594s] [ext: omni.kit.window.status_bar-0.1.11] startup
[7.597s] [ext: omni.kit.window.toolbar-3.0.3] startup
[7.598s] [ext: omni.ocio-0.1.1] startup
[7.599s] [ext: omni.physx.commands-110.1.11] startup
[7.602s] [ext: omni.replicator.replicator_yaml-2.0.12] startup
[7.617s] [ext: omni.rtx.window.settings-0.8.0] startup
[7.621s] [ext: omni.rtx.settings.core-0.7.0] startup
[7.623s] [ext: omni.usd.metrics.assembler.ui-110.1.1] startup
[7.629s] [ext: semantics.schema.editor-2.0.2] startup
[7.632s] [ext: semantics.schema.property-2.0.1] startup
[7.633s] [ext: omni.kit.menu.common-2.0.2] startup
[7.634s] [ext: isaacsim.exp.base-6.0.0] startup
[7.634s] [ext: isaacsim.exp.base.python-6.0.0] startup
[7.636s] Simulation App Starting
[8.823s] Simulation App Startup Complete
[8.830s] app ready
[mpc-compare] Gaussian: /home/miaodong/Documents/underwater-manipulation-ardusub-sim/Gaussian_dictionary/model/gaussian_2rbf_pilot.npz
[mpc-compare] ARX(10):  /home/miaodong/Documents/underwater-manipulation-isaac-6/Gaussian_dictionary/model/arx10_gaussian_free20_pilot.npz
[mpc-compare] shared base SHA256: 6ec0c5c8b2789d45b174d1aa0928b907e5315b3ad46c5558e503b7ba54e5c8de
[mpc-compare] target u=0.2 m/s for 5 s, then zero for 3 s; control=20 Hz, physics=60 Hz
Starting kit application with the following args:  ['/home/miaodong/Documents/isaac-sim-6.0/exts/isaacsim.simulation_app/isaacsim/simulation_app/simulation_app.py', '/home/miaodong/Documents/isaac-sim-6.0/apps/isaacsim.exp.base.python.kit', '--/app/tokens/exe-path=/home/miaodong/Documents/isaac-sim-6.0/kit', '--/persistent/app/viewport/displayOptions=3094', '--/rtx/materialDb/syncLoads=True', '--/rtx/hydra/materialSyncLoads=True', '--/omni.kit.plugin/syncUsdLoads=True', '--/app/renderer/resolution/width=1280', '--/app/renderer/resolution/height=720', '--/app/window/width=1440', '--/app/window/height=900', '--/renderer/multiGpu/enabled=True', '--/app/fastShutdown=True', '--/app/installSignalHandlers=0', '--ext-folder', '/home/miaodong/Documents/isaac-sim-6.0/exts', '--ext-folder', '/home/miaodong/Documents/isaac-sim-6.0/apps', '--/physics/cudaDevice=0', '--/plugins/carb.tasking.plugin/threadCount=16', '--/plugins/omni.tbb.globalcontrol/maxThreadCount=16', '--portable', '--no-window', '--/app/window/hideUi=1']
Passing the following args to the base kit application:  ['--target-u', '0.2', '--duration', '5', '--post-zero-duration', '3', '--out-prefix', 'Gaussian_dictionary/results/mpc_surge_repeat5_20260731_053510/trial_04']
Warp 1.13.0 initialized:
   CUDA Toolkit 12.9, Driver 13.0
   Devices:
     "cpu"      : "x86_64"
     "cuda:0"   : "NVIDIA GeForce RTX 5080" (15 GiB, sm_120, mempool enabled)
   Kernel cache:
     /home/miaodong/.cache/warp/1.13.0
[scene] centered trim: hull COB (-2.82, -0.00, +10.0) mm (COG/COB on center axis; retrim_level=False for legacy)
[scene] ArduSub STABILIZE: roll/pitch level, direct heave, manual yaw (angle_p=(4.5, 4.5), rate_p=(0.2, 0.2), motor_limit=0.35)
[scene] centered trim: base COM authored at (-5.86, -0.00, +0.00) mm
[scene] BlueROVHeavy + gripper attached (mass 13.233 + 0.524 kg, buoy 2.521 N)
[mpc-compare] settling gaussian trial ...
[scene] settled in 240 steps (4.00 s): |nu|=0.0115, roll=+0.00 deg, pitch=-1.54 deg
[mpc-compare] gaussian tracking_RMSE=0.0707 m/s, tracking_last1s=0.1547±0.0139, zero_final=0.0062, peak=0.1615, cmd_peak=0.250, distance=0.783 m
[mpc-compare] settling arx10 trial ...
[scene] settled in 240 steps (4.00 s): |nu|=0.0115, roll=+0.00 deg, pitch=-1.54 deg
[mpc-compare] arx10    tracking_RMSE=0.0705 m/s, tracking_last1s=0.1548±0.0138, zero_final=0.0058, peak=0.1615, cmd_peak=0.250, distance=0.781 m
[mpc-compare] results: /home/miaodong/Documents/underwater-manipulation-isaac-6/Gaussian_dictionary/results/mpc_surge_repeat5_20260731_053510/trial_04.npz
[mpc-compare] summary: /home/miaodong/Documents/underwater-manipulation-isaac-6/Gaussian_dictionary/results/mpc_surge_repeat5_20260731_053510/trial_04.csv
[mpc-compare] plot:    /home/miaodong/Documents/underwater-manipulation-isaac-6/Gaussian_dictionary/results/mpc_surge_repeat5_20260731_053510/trial_04.png
[mpc-compare] velocity tracking: /home/miaodong/Documents/underwater-manipulation-isaac-6/Gaussian_dictionary/results/mpc_surge_repeat5_20260731_053510/trial_04_velocity_tracking.png
[19.986s] Simulation App Shutting Down
