Warning: running in conda env, please deactivate before executing this script
WARNING: All log messages before absl::InitializeLog() is called are written to STDERR
E0000 00:00:1785490613.934026  579367 descriptor_database.cc:633] File already exists in database: grpc/health/v1/health.proto
W0000 00:00:1785490613.934058  579367 message.cc:301] Protobuf GeneratedMessageFactory: File is already registered: grpc/health/v1/health.proto
2026-07-31T09:36:53Z [Info] [carb] Logging to file: /home/miaodong/Documents/isaac-sim-6.0/kit/logs/Kit/Isaac-Sim Python/6.0/kit_20260731_053653.log
[0.049s] [ext: omni.assets.plugins-0.0.0] startup
[0.050s] [ext: omni.blobkey-1.1.2] startup
[0.050s] [ext: omni.kit.async_engine-0.0.3] startup
[0.412s] [ext: omni.client.lib-1.1.1] startup
[0.422s] [ext: omni.client-1.3.0] startup
[0.476s] [ext: omni.protobuf.lib-1.0.0] startup
[0.477s] [ext: omni.grpc.lib-1.0.0] startup
[0.481s] [ext: omni.metrics.core-0.0.3] startup
[0.481s] [ext: omni.datastore-0.0.0] startup
[0.482s] [ext: omni.gpu_foundation.shadercache.vulkan-1.0.0] startup
[0.484s] [ext: omni.hsscclient-1.1.4] startup
[0.484s] [ext: omni.stats-1.0.1] startup
[0.485s] [ext: omni.ujitso.default-1.0.0] startup
[0.487s] [ext: omni.gpu_foundation-0.0.0] startup
[0.746s] [ext: carb.windowing.plugins-1.0.1] startup
[0.747s] [ext: omni.kit.renderer.init-1.0.1] startup
2026-07-31T09:36:54Z [1,002ms] [Warning] [omni.rtx] Skipping unsupported non-NVIDIA GPU: AMD Ryzen 7 7800X3D 8-Core Processor (RADV RAPHAEL_MENDOCINO)
2026-07-31T09:36:54Z [1,002ms] [Warning] [omni.rtx] Skipping unsupported non-NVIDIA GPU: AMD Ryzen 7 7800X3D 8-Core Processor (RADV RAPHAEL_MENDOCINO)

|---------------------------------------------------------------------------------------------|
| Driver Version: 580.173.02    | Graphics API: Vulkan
|=============================================================================================|
| GPU | Name                             | Active | LDA | GPU Memory | Vendor-ID | LUID       |
|     |                                  |        |     |            | Device-ID | UUID       |
|     |                                  |        |     |            | Bus-ID    |            |
|---------------------------------------------------------------------------------------------|
| 0   | NVIDIA GeForce RTX 5080          | Yes: 0 |     | 16303   MB | 10de      | 0          |
|     |                                  |        |     |            | 2c02      | 33bc1c92.. |
|     |                                  |        |     |            | 1         |            |
|---------------------------------------------------------------------------------------------|
| 1   | AMD Ryzen 7 7800X3D 8-Core Pro.. |        |     | 21483   MB | 1002      | 0          |
|     |                                  |        |     |            | 164e      | 00000000.. |
|     |                                  |        |     |            | d         |            |
|=============================================================================================|
| OS: 24.04.4 LTS (Noble Numbat) ubuntu, Version: 24.04.4, Kernel: 6.8.0-136-generic
| XServer Vendor: The X.Org Foundation, XServer Version: 12101011 (1.21.1.11)
| Processor: AMD Ryzen 7 7800X3D 8-Core Processor
| Cores: 8 | Logical Cores: 16
|---------------------------------------------------------------------------------------------|
| Total Memory (MB): 63426 | Free Memory: 50963
| Total Page/Swap (MB): 0 | Free Page/Swap: 0
|---------------------------------------------------------------------------------------------|
2026-07-31T09:36:54Z [1,273ms] [Warning] [omni.rtx] IOMMU is enabled.
[1.414s] [ext: omni.kit.pipapi-0.0.0] startup
[1.415s] [ext: omni.kit.pip_archive-0.0.0] startup
[1.415s] [ext: isaacsim.pip.newton-0.6.0] startup
[1.416s] [ext: omni.pip.compute-1.9.0] startup
[1.416s] [ext: omni.isaac.core_archive-5.3.0] startup
[1.416s] [ext: omni.kit.telemetry-0.5.2] startup
[1.441s] [ext: omni.kit.loop-isaac-1.6.0] startup
[1.443s] [ext: omni.kit.test-2.0.7] startup
[1.497s] [ext: omni.materialx.libs-1.0.9] startup
[1.503s] [ext: omni.gpucompute.plugins-0.0.0] startup
[1.503s] [ext: omni.usd.config-1.0.7] startup
[1.507s] [ext: omni.usd.libs-1.0.3] startup
[1.577s] [ext: omni.iray.libs-0.0.1] startup
[1.582s] [ext: omni.mdl-57.0.3] startup
[1.600s] [ext: omni.mdl.neuraylib-0.2.20] startup
[1.602s] [ext: omni.kit.usd.mdl-1.1.9] startup
[1.691s] [ext: omni.appwindow-1.2.2] startup
[1.693s] [ext: omni.kit.renderer.core-1.2.2] startup
[2.126s] [ext: omni.kit.renderer.capture-2.0.1] startup
[2.128s] [ext: omni.kit.renderer.imgui-2.0.6] startup
[2.176s] [ext: omni.ui-3.1.3] startup
[2.183s] [ext: omni.kit.mainwindow-1.0.3] startup
[2.184s] [ext: carb.audio-0.1.0] startup
[2.189s] [ext: omni.uiaudio-1.0.0] startup
[2.189s] [ext: omni.kit.uiapp-0.0.0] startup
[2.189s] [ext: omni.usd.schema.metrics.assembler-110.1.0] startup
[2.192s] [ext: omni.usd.schema.audio-0.0.1] startup
[2.194s] [ext: omni.usd_resolver-1.0.0] startup
[2.197s] [ext: omni.usd.core-1.8.3] startup
[2.201s] [ext: omni.metropolis.schema-0.0.3] startup
[2.201s] [ext: isaacsim.anim.robot.schema-0.1.1] startup
[2.202s] [ext: omni.usd.schema.anim-0.0.1] startup
[2.217s] [ext: omni.usd.schema.geospatial-0.0.1] startup
[2.219s] [ext: omni.usd.schema.omnigraph-1.0.1] startup
[2.223s] [ext: omni.usd.schema.semantics-0.0.0] startup
[2.225s] [ext: omni.activity.core-1.0.3] startup
[2.226s] [ext: omni.cubric-0.1.0] startup
[2.227s] [ext: omni.graph.exec-0.9.6] startup
[2.227s] [ext: omni.hydra.scene_delegate-0.3.5] startup
[2.230s] [ext: usdrt.scenegraph-7.6.3] startup
[2.252s] [ext: omni.hydra.usdrt_delegate-7.5.2] startup
[2.256s] [ext: omni.inspect-1.0.2] startup
[2.258s] [ext: omni.kit.actions.core-1.0.0] startup
[2.259s] [ext: omni.kit.audiodeviceenum-1.0.2] startup
[2.260s] [ext: omni.kit.commands-1.5.0] startup
[2.263s] [ext: omni.kit.exec.core-0.13.5] startup
[2.264s] [ext: omni.kit.usd_undo-0.1.8] startup
[2.264s] [ext: omni.kit.window.popup_dialog-2.0.25] startup
[2.267s] [ext: omni.kit.widget.nucleus_connector-2.3.1] startup
[2.270s] [ext: omni.timeline-1.1.0] startup
[2.272s] [ext: omni.usd-1.15.2] startup
[2.303s] [ext: omni.graph.core-3.1.2] startup
[2.306s] [ext: omni.kit.notification_manager-1.0.11] startup
[2.307s] [ext: isaacsim.core.deprecation_manager-0.4.2] startup
[2.308s] [ext: isaacsim.replicator.agent.schema-0.1.1] startup
[2.309s] [ext: isaacsim.robot.schema-6.3.6] startup
[2.313s] [ext: isaacsim.robot_motion.schema-0.2.0] startup
[2.314s] [ext: omni.anim.behavior.schema-110.1.0] startup
[2.316s] [ext: omni.anim.graph.schema-110.1.1] startup
[2.321s] [ext: omni.anim.navigation.schema-110.1.0] startup
[2.324s] [ext: omni.behavior.tree.schema-110.1.0] startup
[2.324s] [ext: omni.isaac.ml_archive-3.3.0] startup
[2.325s] [ext: omni.kit.asset_converter-5.1.4] startup
[2.335s] [ext: omni.pip.cloud-1.5.3] startup
[2.337s] [ext: omni.usd.schema.flow-110.0.0] startup
[2.337s] [ext: omni.usd.schema.mujoco-1.1.0] startup
[2.338s] [ext: omni.usd.schema.newton-1.2.0] startup
[2.338s] [ext: omni.usd.schema.omni_lens_distortion-1.0.0] startup
[2.339s] [ext: omni.usd.schema.omni_projectors-1.0.0] startup
[2.339s] [ext: omni.usd.schema.omni_sensors-0.0.0] startup
[2.346s] [ext: omni.usd.schema.omniscripting-1.0.1] startup
[2.349s] [ext: omni.usd.schema.physical_lighting-0.1.0] startup
[2.352s] [ext: omni.usd.schema.physx-110.1.11] startup
[2.377s] [ext: omni.usd.schema.render_settings.rtx-1.0.2] startup
[2.380s] [ext: omni.usd.schema.usd_particle_field-1.0.0] startup
[2.380s] [ext: isaacsim.core.version-2.1.0] startup
[2.381s] [ext: omni.kit.menu.core-1.2.0] startup
[2.382s] [ext: omni.kit.menu.utils-2.2.3] startup
[2.388s] [ext: isaacsim.app.about-2.3.0] startup
[2.392s] [ext: isaacsim.asset.transformer-1.2.3] startup
[2.395s] [ext: omni.scene.optimizer.core-110.1.0] startup
[2.434s] [ext: isaacsim.asset.importer.utils-1.8.0] startup
[2.436s] [ext: omni.convexdecomposition-110.1.11] startup
[2.438s] [ext: omni.physics-110.1.11] startup
[2.440s] [ext: omni.physx.gpu-110.1.11] startup
[2.441s] [ext: omni.physx.foundation-110.1.11] startup
[2.442s] [ext: omni.usdphysics-110.1.11] startup
[2.444s] [ext: omni.physx.cooking-110.1.11] startup
[2.446s] [ext: omni.physx-110.1.11] startup
[2.454s] [ext: omni.physics.physx-110.1.11] startup
[2.455s] [ext: isaacsim.asset.exporter.urdf-2.0.3] startup
[2.462s] [ext: omni.kit.clipboard-1.1.1] startup
[2.463s] [ext: omni.kit.usd.layers-2.6.1] startup
[2.469s] [ext: omni.kit.widget.context_menu-1.4.0] startup
[2.470s] [ext: omni.kit.context_menu-1.9.0] startup
[2.472s] [ext: omni.kit.helper.file_utils-0.1.10] startup
[2.473s] [ext: omni.kit.widget.nucleus_info-2.0.2] startup
[2.474s] [ext: omni.kit.search_core-1.0.8] startup
[2.475s] [ext: omni.kit.widget.path_field-2.0.13] startup
[2.476s] [ext: omni.kit.widget.browser_bar-2.0.10] startup
[2.476s] [ext: omni.kit.widget.filebrowser-2.13.4] startup
[2.480s] [ext: omni.kit.widget.options_menu-1.1.6] startup
[2.483s] [ext: omni.kit.widget.options_button-1.0.3] startup
[2.484s] [ext: omni.kit.widget.search_delegate-1.0.9] startup
[2.484s] [ext: omni.ui.scene-2.0.1] startup
[2.489s] [ext: omni.kit.window.filepicker-2.15.5] startup
[2.501s] [ext: omni.kit.window.file_importer-1.1.21] startup
[2.502s] [ext: omni.kit.material.library-3.1.2] startup
[2.506s] [ext: isaacsim.asset.transformer.rules-1.7.8] startup
[2.515s] [ext: omni.usdex.libs-2.2.2] startup
[2.521s] [ext: isaacsim.asset.importer.mjcf-3.10.0] startup
[2.523s] [ext: isaacsim.asset.importer.urdf-3.11.0] startup
[2.526s] [ext: omni.kit.primitive.mesh-1.1.0] startup
[2.529s] [ext: omni.kit.stage_template.core-1.1.22] startup
[2.529s] [ext: omni.kit.stage_templates-2.0.2] startup
[2.530s] [ext: omni.usd.metrics.assembler-110.1.2] startup
[2.533s] [ext: omni.warp.core-1.13.0] startup
[2.716s] [ext: isaacsim.core.experimental.utils-0.17.1] startup
[2.717s] [ext: omni.physics.stageupdate-110.1.11] startup
[2.719s] [ext: omni.physics.tensors-110.1.11] startup
[2.722s] [ext: omni.physx.tensors-110.1.11] startup
[2.726s] [ext: isaacsim.core.simulation_manager-1.15.4] startup
2026-07-31T09:36:56Z [2,716ms] [Warning] [isaacsim.core.simulation_manager.plugin] USD stage is not available; stage-opened subscription is deferred
2026-07-31T09:36:56Z [2,716ms] [Warning] [isaacsim.core.simulation_manager.plugin] USD stage is not available; stage-opened subscription is deferred
[2.738s] [ext: isaacsim.storage.native-1.9.2] startup
[2.739s] [ext: omni.usd.metrics.assembler.physics-110.1.11] startup
[2.741s] [ext: isaacsim.core.utils-4.1.6] startup
[2.743s] [ext: isaacsim.core.prims-0.11.6] startup
[3.815s] [ext: isaacsim.core.api-5.2.12] startup
[3.822s] [ext: isaacsim.core.cloner-1.7.2] startup
[3.823s] [ext: isaacsim.test.docstring-1.3.1] startup
[3.827s] [ext: isaacsim.core.experimental.prims-1.8.8] startup
[3.849s] [ext: isaacsim.core.experimental.primdata-0.3.2] startup
[3.851s] [ext: omni.graph.tools-1.81.0] startup
[3.870s] [ext: omni.graph-1.142.5] startup
[3.904s] [ext: isaacsim.core.experimental.actuators-0.1.0] startup
[6.069s] [ext: isaacsim.core.experimental.materials-0.7.0] startup
[6.072s] [ext: isaacsim.core.experimental.objects-0.8.0] startup
[6.129s] [ext: omni.hydra.engine.stats-1.0.5] startup
[6.131s] [ext: omni.hydra.rtx.shadercache.vulkan-1.0.0] startup
[6.132s] [ext: omni.index.libs-387500.3473.0] startup
[6.132s] [ext: omni.index-1.0.1] startup
[6.133s] [ext: omni.ujitso.client-0.0.0] startup
[6.133s] [ext: omni.usd.schema.playback-1.0.0] startup
[6.136s] [ext: omni.volume-0.5.2] startup
[6.140s] [ext: omni.hydra.rtx-1.0.3] startup
2026-07-31T09:36:59Z [6,132ms] [Warning] [omni.log] Source: omni.hydra was already registered.
[6.175s] [ext: omni.kit.hydra_texture-1.6.0] startup
[6.179s] [ext: omni.kit.raycast.query-1.2.0] startup
[6.183s] [ext: omni.kit.viewport.legacy_gizmos-1.0.24] startup
[6.186s] [ext: omni.kit.viewport.registry-104.0.6] startup
[6.187s] [ext: omni.kit.viewport.scene_camera_model-1.0.7] startup
[6.190s] [ext: omni.kit.widget.viewport-109.2.0] startup
[6.194s] [ext: omni.kit.window.drop_support-1.0.8] startup
[6.195s] [ext: omni.kit.viewport.window-109.0.2] startup
[6.211s] [ext: omni.kit.viewport.utility-2.0.1] startup
[6.212s] [ext: isaacsim.core.rendering_manager-0.4.2] startup
[6.232s] [ext: omni.graph.action_core-1.1.9] startup
[6.235s] [ext: omni.graph.action_nodes_core-2.10.2] startup
[6.237s] [ext: omni.graph.action_nodes-2.10.3] startup
[6.259s] [ext: omni.graph.action-2.10.2] startup
[6.261s] [ext: omni.graph.image.core-0.6.1] startup
[6.262s] [ext: omni.graph.image.nodes-1.3.1] startup
[6.263s] [ext: omni.graph.nodes_core-2.10.3] startup
[6.269s] [ext: omni.graph.nodes-2.11.1] startup
[6.274s] [ext: omni.kit.hotkeys.core-1.3.12] startup
[6.275s] [ext: omni.kit.property.adapter.core-1.1.1] startup
[6.278s] [ext: omni.kit.property.adapter.usd-1.0.5] startup
[6.279s] [ext: omni.kit.widget.filter-1.1.5] startup
[6.280s] [ext: omni.kit.widget.highlight_label-1.0.3] startup
[6.281s] [ext: omni.kit.widget.searchfield-1.1.8] startup
[6.282s] [ext: omni.kit.window.file_exporter-1.0.36] startup
[6.283s] [ext: omni.kit.widget.stage-4.3.0] startup
[6.292s] [ext: omni.kit.window.content_browser_registry-0.0.6] startup
[6.293s] [ext: omni.kit.window.file-2.0.10] startup
[6.296s] [ext: omni.kit.window.content_browser-3.1.8] startup
[6.305s] [ext: omni.kit.window.property-1.15.1] startup
[6.316s] [ext: omni.kit.property.usd-4.8.1] startup
[6.325s] [ext: omni.graph.scriptnode-2.10.2] startup
[6.333s] [ext: omni.kit.widget.searchable_combobox-1.0.7] startup
[6.334s] [ext: omni.kit.widget.settings-2.0.0] startup
[6.336s] [ext: omni.kit.window.preferences-1.8.3] startup
[6.340s] [ext: omni.kit.viewport.menubar.core-107.2.2] startup
[6.352s] [ext: omni.syntheticdata-0.6.15] startup
[6.377s] [ext: omni.replicator.nv-1.1.1] startup
[6.382s] [ext: omni.videoencoding-0.2.1] startup
[6.384s] [ext: omni.replicator.core-1.13.25] startup
2026-07-31T09:36:59Z [6,370ms] [Warning] [pxr.Semantics] pxr.Semantics is deprecated - please use Semantics instead
2026-07-31T09:36:59Z [6,448ms] [Warning] [omni.replicator.core.scripts.extension] No material configuration file, adding configuration to material settings directly.
[6.613s] [ext: isaacsim.core.nodes-5.10.4] startup
[6.644s] [ext: isaacsim.core.throttling-2.3.3] startup
[6.645s] [ext: omni.kit.manipulator.viewport-107.0.1] startup
[6.647s] [ext: omni.graph.visualization.nodes-2.1.4] startup
[6.660s] [ext: omni.kit.window.extensions-1.5.7] startup
[6.665s] [ext: isaacsim.gui.components-1.8.4] startup
[6.670s] [ext: isaacsim.robot.surface_gripper-3.6.1] startup
[6.681s] [ext: isaacsim.robot.manipulators-3.4.4] startup
[6.691s] [ext: isaacsim.robot_motion.lula-4.1.2] startup
[6.698s] [ext: isaacsim.robot_motion.motion_generation-8.2.8] startup
[6.705s] [ext: isaacsim.cortex.framework-1.0.17] startup
[6.706s] [ext: isaacsim.cortex.behaviors-2.0.16] startup
[6.708s] [ext: isaacsim.examples.base-1.3.1] startup
[6.710s] [ext: omni.kit.widget.zoombar-1.0.7] startup
[6.711s] [ext: omni.kit.browser.core-2.3.18] startup
[6.714s] [ext: omni.kit.browser.folder.core-2.0.2] startup
[6.718s] [ext: omni.kit.widget.stage_icons-1.0.8] startup
[6.719s] [ext: omni.kit.window.stage-2.6.1] startup
[6.723s] [ext: omni.kit.menu.stage-1.2.7] startup
[6.724s] [ext: omni.kit.usd.collect-3.0.5] startup
[6.726s] [ext: omni.kit.widget.prompt-1.0.7] startup
[6.727s] [ext: omni.kit.tool.collect-2.2.19] startup
[6.729s] [ext: isaacsim.examples.browser-0.3.1] startup
[6.731s] [ext: omni.kit.search.files-1.0.4] startup
[6.732s] [ext: omni.kit.widget.calendar-1.0.9] startup
[6.733s] [ext: omni.kit.widget.extended_searchfield-1.0.31] startup
[6.741s] [ext: omni.simready.content.browser-0.3.7] startup
[6.842s] [ext: isaacsim.gui.content_browser-0.4.2] startup
[6.844s] [ext: omni.kit.selection-0.1.6] startup
[6.845s] [ext: isaacsim.gui.menu-2.10.5] startup
[6.853s] [ext: isaacsim.gui.property-1.6.2] startup
[6.859s] [ext: omni.kit.viewport.actions-107.0.2] startup
[6.863s] [ext: omni.kit.viewport.menubar.display-107.1.3] startup
[6.864s] [ext: isaacsim.gui.sensors.icon-2.2.0] startup
[6.867s] [ext: omni.behavior.scripting.core-110.1.0] startup
[6.870s] [ext: isaacsim.replicator.behavior-1.5.3] startup
[6.871s] [ext: isaacsim.replicator.experimental.domain_randomization-1.2.4] startup
[6.886s] [ext: isaacsim.replicator.domain_randomization-1.2.1] startup
[6.959s] [ext: isaacsim.replicator.writers-1.5.3] startup
[6.982s] [ext: isaacsim.robot.experimental.wheeled_robots-0.2.9] startup
[7.002s] [ext: isaacsim.robot.policy.examples-5.2.11] startup
[7.022s] [ext: isaacsim.robot.wheeled_robots-5.2.3] startup
[7.025s] [ext: isaacsim.robot.wheeled_robots.nodes-0.1.2] startup
[7.059s] [ext: isaacsim.robot_motion.experimental.motion_generation-6.1.2] startup
[7.069s] [ext: isaacsim.robot_motion.cumotion-1.3.0] startup
[7.082s] [ext: omni.kit.numpy.common-0.1.3] startup
[7.083s] [ext: isaacsim.sensors.camera-1.7.8] startup
[7.113s] [ext: isaacsim.sensors.experimental.physics-3.0.1] startup
[7.120s] [ext: omni.sensors.net-1.0.1] startup
[7.122s] [ext: omni.sensors.nv.common-3.0.0] startup
[7.135s] [ext: omni.sensors.nv.materials-2.0.0] startup
[7.138s] [ext: omni.sensors.nv.acoustic-3.0.0] startup
[7.141s] [ext: omni.sensors.nv.ids-2.0.1] startup
[7.143s] [ext: omni.sensors.nv.lidar-3.0.0] startup
[7.147s] [ext: omni.sensors.nv.radar-3.0.0] startup
[7.151s] [ext: isaacsim.sensors.experimental.rtx-1.4.3] startup
[7.411s] [ext: isaacsim.sensors.physics.nodes-1.5.2] startup
[7.417s] [ext: isaacsim.util.debug_draw-3.2.2] startup
[7.422s] [ext: isaacsim.sensors.physx-2.5.4] startup
[7.430s] [ext: isaacsim.sensors.rtx-15.17.0] startup
[7.440s] [ext: isaacsim.simulation_app-2.18.3] startup
[7.440s] [ext: omni.anim.curve.core-1.6.0] startup
[7.450s] [ext: omni.graph.ui_nodes-2.10.5] startup
[7.476s] [ext: omni.hydra.scene_api-0.1.3] startup
[7.480s] [ext: omni.kit.manipulator.camera-110.0.0] startup
[7.483s] [ext: omni.kit.manipulator.selector-1.1.4] startup
[7.485s] [ext: omni.kit.manipulator.transform-107.0.0] startup
[7.489s] [ext: omni.kit.widget.toolbar-2.1.0] startup
[7.495s] [ext: omni.kit.manipulator.tool.snap-1.5.14] startup
[7.499s] [ext: omni.kit.viewport.manipulator.transform-107.0.4] startup
[7.501s] [ext: omni.kit.manipulator.prim.core-108.0.2] startup
[7.506s] [ext: omni.kit.manipulator.prim.usd-107.0.3] startup
[7.508s] [ext: omni.kit.manipulator.prim-108.0.0] startup
[7.508s] [ext: omni.kit.manipulator.selection-109.0.1] startup
[7.509s] [ext: omni.kit.menu.create-2.0.2] startup
[7.510s] [ext: omni.kit.property.audio-1.0.16] startup
[7.513s] [ext: omni.kit.property.camera-1.0.14] startup
[7.514s] [ext: omni.kit.property.geometry-2.1.2] startup
[7.517s] [ext: omni.kit.property.light-1.0.14] startup
2026-07-31T09:37:00Z [7,518ms] [Warning] [omni.usd] Encountered USD Warnings but USD Diagnostics are currently muted. To view USD Warnings, please set the '/persistent/app/usd/muteUsdDiagnostics' setting to false in Preferences page.
[7.547s] [ext: omni.kit.property.material-1.14.2] startup
[7.552s] [ext: omni.kit.property.render-1.2.2] startup
[7.553s] [ext: omni.kit.property.transform-1.6.9] startup
[7.557s] [ext: omni.kit.property.bundle-1.5.1] startup
[7.558s] [ext: omni.kit.usdz_export-1.1.0] startup
[7.561s] [ext: omni.kit.tool.asset_importer-5.2.0] startup
[7.565s] [ext: omni.kit.ui.actions-1.0.5] startup
[7.567s] [ext: omni.kit.viewport.menubar.camera-107.0.10] startup
[7.571s] [ext: omni.kit.viewport.menubar.lighting-107.3.2] startup
[7.573s] [ext: omni.kit.viewport.menubar.render-107.0.10] startup
[7.576s] [ext: omni.kit.viewport.menubar.settings-110.0.1] startup
[7.579s] [ext: omni.kit.window.console-1.1.8] startup
[7.583s] [ext: omni.kit.window.status_bar-0.1.11] startup
[7.585s] [ext: omni.kit.window.toolbar-3.0.3] startup
[7.587s] [ext: omni.ocio-0.1.1] startup
[7.588s] [ext: omni.physx.commands-110.1.11] startup
[7.591s] [ext: omni.replicator.replicator_yaml-2.0.12] startup
[7.605s] [ext: omni.rtx.window.settings-0.8.0] startup
[7.609s] [ext: omni.rtx.settings.core-0.7.0] startup
[7.612s] [ext: omni.usd.metrics.assembler.ui-110.1.1] startup
[7.618s] [ext: semantics.schema.editor-2.0.2] startup
[7.620s] [ext: semantics.schema.property-2.0.1] startup
[7.621s] [ext: omni.kit.menu.common-2.0.2] startup
[7.622s] [ext: isaacsim.exp.base-6.0.0] startup
[7.623s] [ext: isaacsim.exp.base.python-6.0.0] startup
[7.624s] Simulation App Starting
[8.802s] Simulation App Startup Complete
[8.809s] app ready
[mpc-compare] Gaussian: /home/miaodong/Documents/underwater-manipulation-ardusub-sim/Gaussian_dictionary/model/gaussian_2rbf_pilot.npz
[mpc-compare] ARX(10):  /home/miaodong/Documents/underwater-manipulation-isaac-6/Gaussian_dictionary/model/arx10_gaussian_free20_pilot.npz
[mpc-compare] shared base SHA256: 6ec0c5c8b2789d45b174d1aa0928b907e5315b3ad46c5558e503b7ba54e5c8de
[mpc-compare] target u=0.2 m/s for 5 s, then zero for 3 s; control=20 Hz, physics=60 Hz
Starting kit application with the following args:  ['/home/miaodong/Documents/isaac-sim-6.0/exts/isaacsim.simulation_app/isaacsim/simulation_app/simulation_app.py', '/home/miaodong/Documents/isaac-sim-6.0/apps/isaacsim.exp.base.python.kit', '--/app/tokens/exe-path=/home/miaodong/Documents/isaac-sim-6.0/kit', '--/persistent/app/viewport/displayOptions=3094', '--/rtx/materialDb/syncLoads=True', '--/rtx/hydra/materialSyncLoads=True', '--/omni.kit.plugin/syncUsdLoads=True', '--/app/renderer/resolution/width=1280', '--/app/renderer/resolution/height=720', '--/app/window/width=1440', '--/app/window/height=900', '--/renderer/multiGpu/enabled=True', '--/app/fastShutdown=True', '--/app/installSignalHandlers=0', '--ext-folder', '/home/miaodong/Documents/isaac-sim-6.0/exts', '--ext-folder', '/home/miaodong/Documents/isaac-sim-6.0/apps', '--/physics/cudaDevice=0', '--/plugins/carb.tasking.plugin/threadCount=16', '--/plugins/omni.tbb.globalcontrol/maxThreadCount=16', '--portable', '--no-window', '--/app/window/hideUi=1']
Passing the following args to the base kit application:  ['--target-u', '0.2', '--duration', '5', '--post-zero-duration', '3', '--out-prefix', 'Gaussian_dictionary/results/mpc_surge_repeat5_20260731_053510/trial_05']
Warp 1.13.0 initialized:
   CUDA Toolkit 12.9, Driver 13.0
   Devices:
     "cpu"      : "x86_64"
     "cuda:0"   : "NVIDIA GeForce RTX 5080" (15 GiB, sm_120, mempool enabled)
   Kernel cache:
     /home/miaodong/.cache/warp/1.13.0
[scene] centered trim: hull COB (-2.82, -0.00, +10.0) mm (COG/COB on center axis; retrim_level=False for legacy)
[scene] ArduSub STABILIZE: roll/pitch level, direct heave, manual yaw (angle_p=(4.5, 4.5), rate_p=(0.2, 0.2), motor_limit=0.35)
[scene] centered trim: base COM authored at (-5.86, -0.00, +0.00) mm
[scene] BlueROVHeavy + gripper attached (mass 13.233 + 0.524 kg, buoy 2.521 N)
[mpc-compare] settling gaussian trial ...
[scene] settled in 240 steps (4.00 s): |nu|=0.0115, roll=+0.00 deg, pitch=-1.54 deg
[mpc-compare] gaussian tracking_RMSE=0.0707 m/s, tracking_last1s=0.1547±0.0139, zero_final=0.0062, peak=0.1615, cmd_peak=0.250, distance=0.783 m
[mpc-compare] settling arx10 trial ...
[scene] settled in 240 steps (4.00 s): |nu|=0.0115, roll=+0.00 deg, pitch=-1.54 deg
[mpc-compare] arx10    tracking_RMSE=0.0705 m/s, tracking_last1s=0.1548±0.0138, zero_final=0.0058, peak=0.1615, cmd_peak=0.250, distance=0.781 m
[mpc-compare] results: /home/miaodong/Documents/underwater-manipulation-isaac-6/Gaussian_dictionary/results/mpc_surge_repeat5_20260731_053510/trial_05.npz
[mpc-compare] summary: /home/miaodong/Documents/underwater-manipulation-isaac-6/Gaussian_dictionary/results/mpc_surge_repeat5_20260731_053510/trial_05.csv
[mpc-compare] plot:    /home/miaodong/Documents/underwater-manipulation-isaac-6/Gaussian_dictionary/results/mpc_surge_repeat5_20260731_053510/trial_05.png
[mpc-compare] velocity tracking: /home/miaodong/Documents/underwater-manipulation-isaac-6/Gaussian_dictionary/results/mpc_surge_repeat5_20260731_053510/trial_05_velocity_tracking.png
[19.980s] Simulation App Shutting Down
