Warning: running in conda env, please deactivate before executing this script
WARNING: All log messages before absl::InitializeLog() is called are written to STDERR
E0000 00:00:1785490531.306385  576939 descriptor_database.cc:633] File already exists in database: grpc/health/v1/health.proto
W0000 00:00:1785490531.306418  576939 message.cc:301] Protobuf GeneratedMessageFactory: File is already registered: grpc/health/v1/health.proto
2026-07-31T09:35:30Z [Info] [carb] Logging to file: /home/miaodong/Documents/isaac-sim-6.0/kit/logs/Kit/Isaac-Sim Python/6.0/kit_20260731_053530.log
[0.052s] [ext: omni.assets.plugins-0.0.0] startup
[0.053s] [ext: omni.blobkey-1.1.2] startup
[0.053s] [ext: omni.kit.async_engine-0.0.3] startup
[0.428s] [ext: omni.client.lib-1.1.1] startup
[0.438s] [ext: omni.client-1.3.0] startup
[0.492s] [ext: omni.protobuf.lib-1.0.0] startup
[0.493s] [ext: omni.grpc.lib-1.0.0] startup
[0.497s] [ext: omni.metrics.core-0.0.3] startup
[0.497s] [ext: omni.datastore-0.0.0] startup
[0.497s] [ext: omni.gpu_foundation.shadercache.vulkan-1.0.0] startup
[0.500s] [ext: omni.hsscclient-1.1.4] startup
[0.500s] [ext: omni.stats-1.0.1] startup
[0.501s] [ext: omni.ujitso.default-1.0.0] startup
[0.503s] [ext: omni.gpu_foundation-0.0.0] startup
[0.755s] [ext: carb.windowing.plugins-1.0.1] startup
[0.755s] [ext: omni.kit.renderer.init-1.0.1] startup
2026-07-31T09:35:31Z [1,043ms] [Warning] [omni.rtx] Skipping unsupported non-NVIDIA GPU: AMD Ryzen 7 7800X3D 8-Core Processor (RADV RAPHAEL_MENDOCINO)
2026-07-31T09:35:31Z [1,043ms] [Warning] [omni.rtx] Skipping unsupported non-NVIDIA GPU: AMD Ryzen 7 7800X3D 8-Core Processor (RADV RAPHAEL_MENDOCINO)

|---------------------------------------------------------------------------------------------|
| Driver Version: 580.173.02    | Graphics API: Vulkan
|=============================================================================================|
| GPU | Name                             | Active | LDA | GPU Memory | Vendor-ID | LUID       |
|     |                                  |        |     |            | Device-ID | UUID       |
|     |                                  |        |     |            | Bus-ID    |            |
|---------------------------------------------------------------------------------------------|
| 0   | NVIDIA GeForce RTX 5080          | Yes: 0 |     | 16303   MB | 10de      | 0          |
|     |                                  |        |     |            | 2c02      | 33bc1c92.. |
|     |                                  |        |     |            | 1         |            |
|---------------------------------------------------------------------------------------------|
| 1   | AMD Ryzen 7 7800X3D 8-Core Pro.. |        |     | 21483   MB | 1002      | 0          |
|     |                                  |        |     |            | 164e      | 00000000.. |
|     |                                  |        |     |            | d         |            |
|=============================================================================================|
| OS: 24.04.4 LTS (Noble Numbat) ubuntu, Version: 24.04.4, Kernel: 6.8.0-136-generic
| XServer Vendor: The X.Org Foundation, XServer Version: 12101011 (1.21.1.11)
| Processor: AMD Ryzen 7 7800X3D 8-Core Processor
| Cores: 8 | Logical Cores: 16
|---------------------------------------------------------------------------------------------|
| Total Memory (MB): 63426 | Free Memory: 50878
| Total Page/Swap (MB): 0 | Free Page/Swap: 0
|---------------------------------------------------------------------------------------------|
2026-07-31T09:35:32Z [1,322ms] [Warning] [omni.rtx] IOMMU is enabled.
[1.463s] [ext: omni.kit.pipapi-0.0.0] startup
[1.465s] [ext: omni.kit.pip_archive-0.0.0] startup
[1.465s] [ext: isaacsim.pip.newton-0.6.0] startup
[1.465s] [ext: omni.pip.compute-1.9.0] startup
[1.466s] [ext: omni.isaac.core_archive-5.3.0] startup
[1.466s] [ext: omni.kit.telemetry-0.5.2] startup
[1.492s] [ext: omni.kit.loop-isaac-1.6.0] startup
[1.493s] [ext: omni.kit.test-2.0.7] startup
[1.547s] [ext: omni.materialx.libs-1.0.9] startup
[1.553s] [ext: omni.gpucompute.plugins-0.0.0] startup
[1.554s] [ext: omni.usd.config-1.0.7] startup
[1.557s] [ext: omni.usd.libs-1.0.3] startup
[1.628s] [ext: omni.iray.libs-0.0.1] startup
[1.632s] [ext: omni.mdl-57.0.3] startup
[1.651s] [ext: omni.mdl.neuraylib-0.2.20] startup
[1.653s] [ext: omni.kit.usd.mdl-1.1.9] startup
[1.744s] [ext: omni.appwindow-1.2.2] startup
[1.746s] [ext: omni.kit.renderer.core-1.2.2] startup
[2.172s] [ext: omni.kit.renderer.capture-2.0.1] startup
[2.174s] [ext: omni.kit.renderer.imgui-2.0.6] startup
[2.222s] [ext: omni.ui-3.1.3] startup
[2.231s] [ext: omni.kit.mainwindow-1.0.3] startup
[2.232s] [ext: carb.audio-0.1.0] startup
[2.236s] [ext: omni.uiaudio-1.0.0] startup
[2.237s] [ext: omni.kit.uiapp-0.0.0] startup
[2.237s] [ext: omni.usd.schema.metrics.assembler-110.1.0] startup
[2.240s] [ext: omni.usd.schema.audio-0.0.1] startup
[2.242s] [ext: omni.usd_resolver-1.0.0] startup
[2.245s] [ext: omni.usd.core-1.8.3] startup
[2.249s] [ext: omni.metropolis.schema-0.0.3] startup
[2.249s] [ext: isaacsim.anim.robot.schema-0.1.1] startup
[2.250s] [ext: omni.usd.schema.anim-0.0.1] startup
[2.265s] [ext: omni.usd.schema.geospatial-0.0.1] startup
[2.267s] [ext: omni.usd.schema.omnigraph-1.0.1] startup
[2.272s] [ext: omni.usd.schema.semantics-0.0.0] startup
[2.274s] [ext: omni.activity.core-1.0.3] startup
[2.275s] [ext: omni.cubric-0.1.0] startup
[2.275s] [ext: omni.graph.exec-0.9.6] startup
[2.275s] [ext: omni.hydra.scene_delegate-0.3.5] startup
[2.279s] [ext: usdrt.scenegraph-7.6.3] startup
[2.300s] [ext: omni.hydra.usdrt_delegate-7.5.2] startup
[2.305s] [ext: omni.inspect-1.0.2] startup
[2.306s] [ext: omni.kit.actions.core-1.0.0] startup
[2.308s] [ext: omni.kit.audiodeviceenum-1.0.2] startup
[2.309s] [ext: omni.kit.commands-1.5.0] startup
[2.312s] [ext: omni.kit.exec.core-0.13.5] startup
[2.313s] [ext: omni.kit.usd_undo-0.1.8] startup
[2.313s] [ext: omni.kit.window.popup_dialog-2.0.25] startup
[2.316s] [ext: omni.kit.widget.nucleus_connector-2.3.1] startup
[2.319s] [ext: omni.timeline-1.1.0] startup
[2.321s] [ext: omni.usd-1.15.2] startup
[2.350s] [ext: omni.graph.core-3.1.2] startup
[2.353s] [ext: omni.kit.notification_manager-1.0.11] startup
[2.354s] [ext: isaacsim.core.deprecation_manager-0.4.2] startup
[2.355s] [ext: isaacsim.replicator.agent.schema-0.1.1] startup
[2.355s] [ext: isaacsim.robot.schema-6.3.6] startup
[2.360s] [ext: isaacsim.robot_motion.schema-0.2.0] startup
[2.360s] [ext: omni.anim.behavior.schema-110.1.0] startup
[2.363s] [ext: omni.anim.graph.schema-110.1.1] startup
[2.368s] [ext: omni.anim.navigation.schema-110.1.0] startup
[2.370s] [ext: omni.behavior.tree.schema-110.1.0] startup
[2.371s] [ext: omni.isaac.ml_archive-3.3.0] startup
[2.371s] [ext: omni.kit.asset_converter-5.1.4] startup
[2.381s] [ext: omni.pip.cloud-1.5.3] startup
[2.383s] [ext: omni.usd.schema.flow-110.0.0] startup
[2.384s] [ext: omni.usd.schema.mujoco-1.1.0] startup
[2.384s] [ext: omni.usd.schema.newton-1.2.0] startup
[2.385s] [ext: omni.usd.schema.omni_lens_distortion-1.0.0] startup
[2.385s] [ext: omni.usd.schema.omni_projectors-1.0.0] startup
[2.386s] [ext: omni.usd.schema.omni_sensors-0.0.0] startup
[2.393s] [ext: omni.usd.schema.omniscripting-1.0.1] startup
[2.396s] [ext: omni.usd.schema.physical_lighting-0.1.0] startup
[2.399s] [ext: omni.usd.schema.physx-110.1.11] startup
[2.424s] [ext: omni.usd.schema.render_settings.rtx-1.0.2] startup
[2.427s] [ext: omni.usd.schema.usd_particle_field-1.0.0] startup
[2.428s] [ext: isaacsim.core.version-2.1.0] startup
[2.428s] [ext: omni.kit.menu.core-1.2.0] startup
[2.429s] [ext: omni.kit.menu.utils-2.2.3] startup
[2.435s] [ext: isaacsim.app.about-2.3.0] startup
[2.439s] [ext: isaacsim.asset.transformer-1.2.3] startup
[2.442s] [ext: omni.scene.optimizer.core-110.1.0] startup
[2.483s] [ext: isaacsim.asset.importer.utils-1.8.0] startup
[2.485s] [ext: omni.convexdecomposition-110.1.11] startup
[2.487s] [ext: omni.physics-110.1.11] startup
[2.489s] [ext: omni.physx.gpu-110.1.11] startup
[2.489s] [ext: omni.physx.foundation-110.1.11] startup
[2.491s] [ext: omni.usdphysics-110.1.11] startup
[2.492s] [ext: omni.physx.cooking-110.1.11] startup
[2.494s] [ext: omni.physx-110.1.11] startup
[2.502s] [ext: omni.physics.physx-110.1.11] startup
[2.503s] [ext: isaacsim.asset.exporter.urdf-2.0.3] startup
[2.510s] [ext: omni.kit.clipboard-1.1.1] startup
[2.511s] [ext: omni.kit.usd.layers-2.6.1] startup
[2.518s] [ext: omni.kit.widget.context_menu-1.4.0] startup
[2.519s] [ext: omni.kit.context_menu-1.9.0] startup
[2.520s] [ext: omni.kit.helper.file_utils-0.1.10] startup
[2.521s] [ext: omni.kit.widget.nucleus_info-2.0.2] startup
[2.522s] [ext: omni.kit.search_core-1.0.8] startup
[2.522s] [ext: omni.kit.widget.path_field-2.0.13] startup
[2.523s] [ext: omni.kit.widget.browser_bar-2.0.10] startup
[2.524s] [ext: omni.kit.widget.filebrowser-2.13.4] startup
[2.528s] [ext: omni.kit.widget.options_menu-1.1.6] startup
[2.530s] [ext: omni.kit.widget.options_button-1.0.3] startup
[2.531s] [ext: omni.kit.widget.search_delegate-1.0.9] startup
[2.532s] [ext: omni.ui.scene-2.0.1] startup
[2.536s] [ext: omni.kit.window.filepicker-2.15.5] startup
[2.547s] [ext: omni.kit.window.file_importer-1.1.21] startup
[2.549s] [ext: omni.kit.material.library-3.1.2] startup
[2.553s] [ext: isaacsim.asset.transformer.rules-1.7.8] startup
[2.562s] [ext: omni.usdex.libs-2.2.2] startup
[2.568s] [ext: isaacsim.asset.importer.mjcf-3.10.0] startup
[2.570s] [ext: isaacsim.asset.importer.urdf-3.11.0] startup
[2.573s] [ext: omni.kit.primitive.mesh-1.1.0] startup
[2.575s] [ext: omni.kit.stage_template.core-1.1.22] startup
[2.576s] [ext: omni.kit.stage_templates-2.0.2] startup
[2.577s] [ext: omni.usd.metrics.assembler-110.1.2] startup
[2.579s] [ext: omni.warp.core-1.13.0] startup
[2.778s] [ext: isaacsim.core.experimental.utils-0.17.1] startup
[2.779s] [ext: omni.physics.stageupdate-110.1.11] startup
[2.780s] [ext: omni.physics.tensors-110.1.11] startup
[2.784s] [ext: omni.physx.tensors-110.1.11] startup
[2.788s] [ext: isaacsim.core.simulation_manager-1.15.4] startup
2026-07-31T09:35:33Z [2,778ms] [Warning] [isaacsim.core.simulation_manager.plugin] USD stage is not available; stage-opened subscription is deferred
2026-07-31T09:35:33Z [2,778ms] [Warning] [isaacsim.core.simulation_manager.plugin] USD stage is not available; stage-opened subscription is deferred
[2.801s] [ext: isaacsim.storage.native-1.9.2] startup
[2.802s] [ext: omni.usd.metrics.assembler.physics-110.1.11] startup
[2.803s] [ext: isaacsim.core.utils-4.1.6] startup
[2.805s] [ext: isaacsim.core.prims-0.11.6] startup
[3.897s] [ext: isaacsim.core.api-5.2.12] startup
[3.904s] [ext: isaacsim.core.cloner-1.7.2] startup
[3.906s] [ext: isaacsim.test.docstring-1.3.1] startup
[3.910s] [ext: isaacsim.core.experimental.prims-1.8.8] startup
[3.934s] [ext: isaacsim.core.experimental.primdata-0.3.2] startup
[3.935s] [ext: omni.graph.tools-1.81.0] startup
[3.955s] [ext: omni.graph-1.142.5] startup
[3.994s] [ext: isaacsim.core.experimental.actuators-0.1.0] startup
[6.229s] [ext: isaacsim.core.experimental.materials-0.7.0] startup
[6.232s] [ext: isaacsim.core.experimental.objects-0.8.0] startup
[6.290s] [ext: omni.hydra.engine.stats-1.0.5] startup
[6.292s] [ext: omni.hydra.rtx.shadercache.vulkan-1.0.0] startup
[6.293s] [ext: omni.index.libs-387500.3473.0] startup
[6.293s] [ext: omni.index-1.0.1] startup
[6.293s] [ext: omni.ujitso.client-0.0.0] startup
[6.294s] [ext: omni.usd.schema.playback-1.0.0] startup
[6.297s] [ext: omni.volume-0.5.2] startup
[6.301s] [ext: omni.hydra.rtx-1.0.3] startup
2026-07-31T09:35:37Z [6,293ms] [Warning] [omni.log] Source: omni.hydra was already registered.
[6.336s] [ext: omni.kit.hydra_texture-1.6.0] startup
[6.340s] [ext: omni.kit.raycast.query-1.2.0] startup
[6.344s] [ext: omni.kit.viewport.legacy_gizmos-1.0.24] startup
[6.346s] [ext: omni.kit.viewport.registry-104.0.6] startup
[6.347s] [ext: omni.kit.viewport.scene_camera_model-1.0.7] startup
[6.350s] [ext: omni.kit.widget.viewport-109.2.0] startup
[6.354s] [ext: omni.kit.window.drop_support-1.0.8] startup
[6.355s] [ext: omni.kit.viewport.window-109.0.2] startup
[6.371s] [ext: omni.kit.viewport.utility-2.0.1] startup
[6.372s] [ext: isaacsim.core.rendering_manager-0.4.2] startup
[6.391s] [ext: omni.graph.action_core-1.1.9] startup
[6.393s] [ext: omni.graph.action_nodes_core-2.10.2] startup
[6.396s] [ext: omni.graph.action_nodes-2.10.3] startup
[6.417s] [ext: omni.graph.action-2.10.2] startup
[6.419s] [ext: omni.graph.image.core-0.6.1] startup
[6.420s] [ext: omni.graph.image.nodes-1.3.1] startup
[6.421s] [ext: omni.graph.nodes_core-2.10.3] startup
[6.426s] [ext: omni.graph.nodes-2.11.1] startup
[6.432s] [ext: omni.kit.hotkeys.core-1.3.12] startup
[6.433s] [ext: omni.kit.property.adapter.core-1.1.1] startup
[6.435s] [ext: omni.kit.property.adapter.usd-1.0.5] startup
[6.436s] [ext: omni.kit.widget.filter-1.1.5] startup
[6.437s] [ext: omni.kit.widget.highlight_label-1.0.3] startup
[6.438s] [ext: omni.kit.widget.searchfield-1.1.8] startup
[6.439s] [ext: omni.kit.window.file_exporter-1.0.36] startup
[6.440s] [ext: omni.kit.widget.stage-4.3.0] startup
[6.448s] [ext: omni.kit.window.content_browser_registry-0.0.6] startup
[6.449s] [ext: omni.kit.window.file-2.0.10] startup
[6.452s] [ext: omni.kit.window.content_browser-3.1.8] startup
[6.461s] [ext: omni.kit.window.property-1.15.1] startup
[6.472s] [ext: omni.kit.property.usd-4.8.1] startup
[6.482s] [ext: omni.graph.scriptnode-2.10.2] startup
[6.490s] [ext: omni.kit.widget.searchable_combobox-1.0.7] startup
[6.491s] [ext: omni.kit.widget.settings-2.0.0] startup
[6.493s] [ext: omni.kit.window.preferences-1.8.3] startup
[6.498s] [ext: omni.kit.viewport.menubar.core-107.2.2] startup
[6.509s] [ext: omni.syntheticdata-0.6.15] startup
[6.535s] [ext: omni.replicator.nv-1.1.1] startup
[6.540s] [ext: omni.videoencoding-0.2.1] startup
[6.542s] [ext: omni.replicator.core-1.13.25] startup
2026-07-31T09:35:37Z [6,528ms] [Warning] [pxr.Semantics] pxr.Semantics is deprecated - please use Semantics instead
2026-07-31T09:35:37Z [6,606ms] [Warning] [omni.replicator.core.scripts.extension] No material configuration file, adding configuration to material settings directly.
[6.770s] [ext: isaacsim.core.nodes-5.10.4] startup
[6.801s] [ext: isaacsim.core.throttling-2.3.3] startup
[6.803s] [ext: omni.kit.manipulator.viewport-107.0.1] startup
[6.804s] [ext: omni.graph.visualization.nodes-2.1.4] startup
[6.817s] [ext: omni.kit.window.extensions-1.5.7] startup
[6.822s] [ext: isaacsim.gui.components-1.8.4] startup
[6.826s] [ext: isaacsim.robot.surface_gripper-3.6.1] startup
[6.838s] [ext: isaacsim.robot.manipulators-3.4.4] startup
[6.848s] [ext: isaacsim.robot_motion.lula-4.1.2] startup
[6.854s] [ext: isaacsim.robot_motion.motion_generation-8.2.8] startup
[6.860s] [ext: isaacsim.cortex.framework-1.0.17] startup
[6.862s] [ext: isaacsim.cortex.behaviors-2.0.16] startup
[6.863s] [ext: isaacsim.examples.base-1.3.1] startup
[6.865s] [ext: omni.kit.widget.zoombar-1.0.7] startup
[6.866s] [ext: omni.kit.browser.core-2.3.18] startup
[6.869s] [ext: omni.kit.browser.folder.core-2.0.2] startup
[6.873s] [ext: omni.kit.widget.stage_icons-1.0.8] startup
[6.874s] [ext: omni.kit.window.stage-2.6.1] startup
[6.877s] [ext: omni.kit.menu.stage-1.2.7] startup
[6.878s] [ext: omni.kit.usd.collect-3.0.5] startup
[6.881s] [ext: omni.kit.widget.prompt-1.0.7] startup
[6.882s] [ext: omni.kit.tool.collect-2.2.19] startup
[6.883s] [ext: isaacsim.examples.browser-0.3.1] startup
[6.886s] [ext: omni.kit.search.files-1.0.4] startup
[6.886s] [ext: omni.kit.widget.calendar-1.0.9] startup
[6.888s] [ext: omni.kit.widget.extended_searchfield-1.0.31] startup
[6.895s] [ext: omni.simready.content.browser-0.3.7] startup
[7.005s] [ext: isaacsim.gui.content_browser-0.4.2] startup
[7.007s] [ext: omni.kit.selection-0.1.6] startup
[7.008s] [ext: isaacsim.gui.menu-2.10.5] startup
[7.016s] [ext: isaacsim.gui.property-1.6.2] startup
[7.022s] [ext: omni.kit.viewport.actions-107.0.2] startup
[7.026s] [ext: omni.kit.viewport.menubar.display-107.1.3] startup
[7.028s] [ext: isaacsim.gui.sensors.icon-2.2.0] startup
[7.031s] [ext: omni.behavior.scripting.core-110.1.0] startup
[7.033s] [ext: isaacsim.replicator.behavior-1.5.3] startup
[7.034s] [ext: isaacsim.replicator.experimental.domain_randomization-1.2.4] startup
[7.049s] [ext: isaacsim.replicator.domain_randomization-1.2.1] startup
[7.119s] [ext: isaacsim.replicator.writers-1.5.3] startup
[7.142s] [ext: isaacsim.robot.experimental.wheeled_robots-0.2.9] startup
[7.163s] [ext: isaacsim.robot.policy.examples-5.2.11] startup
[7.182s] [ext: isaacsim.robot.wheeled_robots-5.2.3] startup
[7.186s] [ext: isaacsim.robot.wheeled_robots.nodes-0.1.2] startup
[7.213s] [ext: isaacsim.robot_motion.experimental.motion_generation-6.1.2] startup
[7.225s] [ext: isaacsim.robot_motion.cumotion-1.3.0] startup
[7.238s] [ext: omni.kit.numpy.common-0.1.3] startup
[7.239s] [ext: isaacsim.sensors.camera-1.7.8] startup
[7.272s] [ext: isaacsim.sensors.experimental.physics-3.0.1] startup
[7.279s] [ext: omni.sensors.net-1.0.1] startup
[7.282s] [ext: omni.sensors.nv.common-3.0.0] startup
[7.294s] [ext: omni.sensors.nv.materials-2.0.0] startup
[7.298s] [ext: omni.sensors.nv.acoustic-3.0.0] startup
[7.301s] [ext: omni.sensors.nv.ids-2.0.1] startup
[7.303s] [ext: omni.sensors.nv.lidar-3.0.0] startup
[7.308s] [ext: omni.sensors.nv.radar-3.0.0] startup
[7.311s] [ext: isaacsim.sensors.experimental.rtx-1.4.3] startup
[7.580s] [ext: isaacsim.sensors.physics.nodes-1.5.2] startup
[7.586s] [ext: isaacsim.util.debug_draw-3.2.2] startup
[7.591s] [ext: isaacsim.sensors.physx-2.5.4] startup
[7.599s] [ext: isaacsim.sensors.rtx-15.17.0] startup
[7.609s] [ext: isaacsim.simulation_app-2.18.3] startup
[7.609s] [ext: omni.anim.curve.core-1.6.0] startup
[7.619s] [ext: omni.graph.ui_nodes-2.10.5] startup
[7.645s] [ext: omni.hydra.scene_api-0.1.3] startup
[7.649s] [ext: omni.kit.manipulator.camera-110.0.0] startup
[7.652s] [ext: omni.kit.manipulator.selector-1.1.4] startup
[7.653s] [ext: omni.kit.manipulator.transform-107.0.0] startup
[7.657s] [ext: omni.kit.widget.toolbar-2.1.0] startup
[7.663s] [ext: omni.kit.manipulator.tool.snap-1.5.14] startup
[7.666s] [ext: omni.kit.viewport.manipulator.transform-107.0.4] startup
[7.668s] [ext: omni.kit.manipulator.prim.core-108.0.2] startup
[7.673s] [ext: omni.kit.manipulator.prim.usd-107.0.3] startup
[7.675s] [ext: omni.kit.manipulator.prim-108.0.0] startup
[7.675s] [ext: omni.kit.manipulator.selection-109.0.1] startup
[7.676s] [ext: omni.kit.menu.create-2.0.2] startup
[7.678s] [ext: omni.kit.property.audio-1.0.16] startup
[7.681s] [ext: omni.kit.property.camera-1.0.14] startup
[7.682s] [ext: omni.kit.property.geometry-2.1.2] startup
[7.685s] [ext: omni.kit.property.light-1.0.14] startup
2026-07-31T09:35:38Z [7,687ms] [Warning] [omni.usd] Encountered USD Warnings but USD Diagnostics are currently muted. To view USD Warnings, please set the '/persistent/app/usd/muteUsdDiagnostics' setting to false in Preferences page.
[7.716s] [ext: omni.kit.property.material-1.14.2] startup
[7.721s] [ext: omni.kit.property.render-1.2.2] startup
[7.722s] [ext: omni.kit.property.transform-1.6.9] startup
[7.725s] [ext: omni.kit.property.bundle-1.5.1] startup
[7.726s] [ext: omni.kit.usdz_export-1.1.0] startup
[7.729s] [ext: omni.kit.tool.asset_importer-5.2.0] startup
[7.734s] [ext: omni.kit.ui.actions-1.0.5] startup
[7.736s] [ext: omni.kit.viewport.menubar.camera-107.0.10] startup
[7.740s] [ext: omni.kit.viewport.menubar.lighting-107.3.2] startup
[7.743s] [ext: omni.kit.viewport.menubar.render-107.0.10] startup
[7.745s] [ext: omni.kit.viewport.menubar.settings-110.0.1] startup
[7.748s] [ext: omni.kit.window.console-1.1.8] startup
[7.752s] [ext: omni.kit.window.status_bar-0.1.11] startup
[7.754s] [ext: omni.kit.window.toolbar-3.0.3] startup
[7.756s] [ext: omni.ocio-0.1.1] startup
[7.757s] [ext: omni.physx.commands-110.1.11] startup
[7.760s] [ext: omni.replicator.replicator_yaml-2.0.12] startup
[7.775s] [ext: omni.rtx.window.settings-0.8.0] startup
[7.778s] [ext: omni.rtx.settings.core-0.7.0] startup
[7.781s] [ext: omni.usd.metrics.assembler.ui-110.1.1] startup
[7.787s] [ext: semantics.schema.editor-2.0.2] startup
[7.790s] [ext: semantics.schema.property-2.0.1] startup
[7.791s] [ext: omni.kit.menu.common-2.0.2] startup
[7.792s] [ext: isaacsim.exp.base-6.0.0] startup
[7.793s] [ext: isaacsim.exp.base.python-6.0.0] startup
[7.795s] Simulation App Starting
[9.011s] Simulation App Startup Complete
[9.019s] app ready
[mpc-compare] Gaussian: /home/miaodong/Documents/underwater-manipulation-ardusub-sim/Gaussian_dictionary/model/gaussian_2rbf_pilot.npz
[mpc-compare] ARX(10):  /home/miaodong/Documents/underwater-manipulation-isaac-6/Gaussian_dictionary/model/arx10_gaussian_free20_pilot.npz
[mpc-compare] shared base SHA256: 6ec0c5c8b2789d45b174d1aa0928b907e5315b3ad46c5558e503b7ba54e5c8de
[mpc-compare] target u=0.2 m/s for 5 s, then zero for 3 s; control=20 Hz, physics=60 Hz
Starting kit application with the following args:  ['/home/miaodong/Documents/isaac-sim-6.0/exts/isaacsim.simulation_app/isaacsim/simulation_app/simulation_app.py', '/home/miaodong/Documents/isaac-sim-6.0/apps/isaacsim.exp.base.python.kit', '--/app/tokens/exe-path=/home/miaodong/Documents/isaac-sim-6.0/kit', '--/persistent/app/viewport/displayOptions=3094', '--/rtx/materialDb/syncLoads=True', '--/rtx/hydra/materialSyncLoads=True', '--/omni.kit.plugin/syncUsdLoads=True', '--/app/renderer/resolution/width=1280', '--/app/renderer/resolution/height=720', '--/app/window/width=1440', '--/app/window/height=900', '--/renderer/multiGpu/enabled=True', '--/app/fastShutdown=True', '--/app/installSignalHandlers=0', '--ext-folder', '/home/miaodong/Documents/isaac-sim-6.0/exts', '--ext-folder', '/home/miaodong/Documents/isaac-sim-6.0/apps', '--/physics/cudaDevice=0', '--/plugins/carb.tasking.plugin/threadCount=16', '--/plugins/omni.tbb.globalcontrol/maxThreadCount=16', '--portable', '--no-window', '--/app/window/hideUi=1']
Passing the following args to the base kit application:  ['--target-u', '0.2', '--duration', '5', '--post-zero-duration', '3', '--out-prefix', 'Gaussian_dictionary/results/mpc_surge_repeat5_20260731_053510/trial_01']
Warp 1.13.0 initialized:
   CUDA Toolkit 12.9, Driver 13.0
   Devices:
     "cpu"      : "x86_64"
     "cuda:0"   : "NVIDIA GeForce RTX 5080" (15 GiB, sm_120, mempool enabled)
   Kernel cache:
     /home/miaodong/.cache/warp/1.13.0
[scene] centered trim: hull COB (-2.82, -0.00, +10.0) mm (COG/COB on center axis; retrim_level=False for legacy)
[scene] ArduSub STABILIZE: roll/pitch level, direct heave, manual yaw (angle_p=(4.5, 4.5), rate_p=(0.2, 0.2), motor_limit=0.35)
[scene] centered trim: base COM authored at (-5.86, -0.00, +0.00) mm
[scene] BlueROVHeavy + gripper attached (mass 13.233 + 0.524 kg, buoy 2.521 N)
[mpc-compare] settling gaussian trial ...
[scene] settled in 240 steps (4.00 s): |nu|=0.0115, roll=+0.00 deg, pitch=-1.54 deg
[mpc-compare] gaussian tracking_RMSE=0.0707 m/s, tracking_last1s=0.1547±0.0139, zero_final=0.0062, peak=0.1615, cmd_peak=0.250, distance=0.783 m
[mpc-compare] settling arx10 trial ...
[scene] settled in 240 steps (4.00 s): |nu|=0.0115, roll=+0.00 deg, pitch=-1.54 deg
[mpc-compare] arx10    tracking_RMSE=0.0705 m/s, tracking_last1s=0.1548±0.0138, zero_final=0.0058, peak=0.1615, cmd_peak=0.250, distance=0.781 m
[mpc-compare] results: /home/miaodong/Documents/underwater-manipulation-isaac-6/Gaussian_dictionary/results/mpc_surge_repeat5_20260731_053510/trial_01.npz
[mpc-compare] summary: /home/miaodong/Documents/underwater-manipulation-isaac-6/Gaussian_dictionary/results/mpc_surge_repeat5_20260731_053510/trial_01.csv
[mpc-compare] plot:    /home/miaodong/Documents/underwater-manipulation-isaac-6/Gaussian_dictionary/results/mpc_surge_repeat5_20260731_053510/trial_01.png
[mpc-compare] velocity tracking: /home/miaodong/Documents/underwater-manipulation-isaac-6/Gaussian_dictionary/results/mpc_surge_repeat5_20260731_053510/trial_01_velocity_tracking.png
[20.338s] Simulation App Shutting Down
